$ yarn workspace @coyle/web lint
$ eslint . --fix

/Users/dancoyle/philaprints/applications/web/components/Chat/Conversation/Message/index.tsx
   29:43  error  Unexpected any. Specify a different type  @typescript-eslint/no-explicit-any
  196:46  error  Unexpected any. Specify a different type  @typescript-eslint/no-explicit-any

/Users/dancoyle/philaprints/applications/web/pages/[[...page]].tsx
   28:18  error  Unexpected any. Specify a different type  @typescript-eslint/no-explicit-any
   32:18  error  Unexpected any. Specify a different type  @typescript-eslint/no-explicit-any
   36:18  error  Unexpected any. Specify a different type  @typescript-eslint/no-explicit-any
   40:18  error  Unexpected any. Specify a different type  @typescript-eslint/no-explicit-any
   44:18  error  Unexpected any. Specify a different type  @typescript-eslint/no-explicit-any
  133:20  error  Unexpected any. Specify a different type  @typescript-eslint/no-explicit-any
  248:33  error  'href' is missing in props validation     react/prop-types

/Users/dancoyle/philaprints/applications/web/pages/api/auth/register.ts
  37:12  error  'newUser' is assigned a value but never used  @typescript-eslint/no-unused-vars

/Users/dancoyle/philaprints/applications/web/pages/api/reindex-search.ts
  16:26  error  Unexpected any. Specify a different type  @typescript-eslint/no-explicit-any
  37:10  error  Unexpected any. Specify a different type  @typescript-eslint/no-explicit-any
  78:51  error  Unexpected any. Specify a different type  @typescript-eslint/no-explicit-any
  80:22  error  Unexpected any. Specify a different type  @typescript-eslint/no-explicit-any
  81:40  error  Unexpected any. Specify a different type  @typescript-eslint/no-explicit-any

/Users/dancoyle/philaprints/applications/web/util/fetchProductsPageContent.tsx
  21:11  error  An empty interface declaration allows any non-nullish value, including literals like `0` and `""`.
- If that's what you want, disable this lint rule with an inline comment or configure the 'allowInterfaces' rule option.
- If you want a type meaning "any object", you probably want `object` instead.
- If you want a type meaning "any value", you probably want `unknown` instead  @typescript-eslint/no-empty-object-type

✖ 16 problems (16 errors, 0 warnings)

info Visit https://yarnpkg.com/en/docs/cli/run for documentation about this command.
info Visit https://yarnpkg.com/en/docs/cli/workspace for documentation about this command.
info Visit https://yarnpkg.com/en/docs/cli/run for documentation about this command.
$ yarn workspace @coyle/chat lint
$ expo lint
> yarn eslint .
$ /Users/dancoyle/philaprints/node_modules/.bin/eslint .

/Users/dancoyle/philaprints/applications/chat-mobile/app/ConversationsScreen.tsx
   6:10  warning  'io' is defined but never used                                                                                           @typescript-eslint/no-unused-vars
  30:6   warning  React Hook useEffect has a missing dependency: 'fetchConversations'. Either include it or remove the dependency array    react-hooks/exhaustive-deps
  35:6   warning  React Hook useCallback has a missing dependency: 'fetchConversations'. Either include it or remove the dependency array  react-hooks/exhaustive-deps

/Users/dancoyle/philaprints/applications/chat-mobile/app/HomeScreen.tsx
   2:22  warning  'Image' is defined but never used                                                                                    @typescript-eslint/no-unused-vars
  21:6   warning  React Hook React.useEffect has a missing dependency: 'navigation'. Either include it or remove the dependency array  react-hooks/exhaustive-deps
  34:5   warning  Unreachable code                                                                                                     no-unreachable

/Users/dancoyle/philaprints/applications/chat-mobile/app/TShirtDesigner/SelectedImage.jsx
  18:10  warning  'dragging' is assigned a value but never used  no-unused-vars

/Users/dancoyle/philaprints/applications/chat-mobile/app/TShirtDesigner/index.jsx
  2:58  warning  'PanResponder' is defined but never used  no-unused-vars
  2:72  warning  'Alert' is defined but never used         no-unused-vars

/Users/dancoyle/philaprints/applications/chat-mobile/app/TShirtDesigner/styles.js
  105:3  error  Duplicate key 'designImageContainer'  no-dupe-keys
  108:3  error  Duplicate key 'designImage'           no-dupe-keys
  113:3  error  Duplicate key 'resizeIcon'            no-dupe-keys
  121:3  error  Duplicate key 'rotateIcon'            no-dupe-keys

/Users/dancoyle/philaprints/applications/chat-mobile/app/_layout.tsx
  18:10  warning  'StyleSheet' is defined but never used                                                                                                               @typescript-eslint/no-unused-vars
  82:15  error    React Hook "useEffect" cannot be called inside a callback. React Hooks must be called in a React function component or a custom React Hook function  react-hooks/rules-of-hooks

/Users/dancoyle/philaprints/applications/chat-mobile/components/HelloWave.tsx
  21:6  warning  React Hook useEffect has a missing dependency: 'rotationAnimation'. Either include it or remove the dependency array  react-hooks/exhaustive-deps

/Users/dancoyle/philaprints/applications/chat-mobile/context/AppContext.js
  1:8  warning  'React' is defined but never used  no-unused-vars

✖ 17 problems (5 errors, 12 warnings)

info Visit https://yarnpkg.com/en/docs/cli/run for documentation about this command.
info Visit https://yarnpkg.com/en/docs/cli/run for documentation about this command.
info Visit https://yarnpkg.com/en/docs/cli/workspace for documentation about this command.
info Visit https://yarnpkg.com/en/docs/cli/run for documentation about this command.
